Archive member included because of file (symbol)

/usr/lib/gcc/avr/4.7.2/avr6/libgcc.a(_divmodqi4.o)
                              ./main.o (__divmodqi4)
/usr/lib/gcc/avr/4.7.2/avr6/libgcc.a(_exit.o)
                              /usr/lib/gcc/avr/4.7.2/../../../avr/lib/avr6/crtm2560.o (exit)
/usr/lib/gcc/avr/4.7.2/avr6/libgcc.a(_copy_data.o)
                              ./main.o (__do_copy_data)
/usr/lib/gcc/avr/4.7.2/avr6/libgcc.a(_clear_bss.o)
                              ./main.o (__do_clear_bss)
/usr/lib/gcc/avr/4.7.2/avr6/libgcc.a(_udivmodqi4.o)
                              /usr/lib/gcc/avr/4.7.2/avr6/libgcc.a(_divmodqi4.o) (__udivmodqi4)
/usr/lib/gcc/avr/4.7.2/../../../avr/lib/avr6/libc.a(dtostrf.o)
                              ./main.o (dtostrf)
/usr/lib/gcc/avr/4.7.2/../../../avr/lib/avr6/libc.a(sprintf.o)
                              ./main.o (sprintf)
/usr/lib/gcc/avr/4.7.2/../../../avr/lib/avr6/libc.a(vfprintf_std.o)
                              /usr/lib/gcc/avr/4.7.2/../../../avr/lib/avr6/libc.a(sprintf.o) (vfprintf)
/usr/lib/gcc/avr/4.7.2/../../../avr/lib/avr6/libc.a(dtoa_prf.o)
                              /usr/lib/gcc/avr/4.7.2/../../../avr/lib/avr6/libc.a(dtostrf.o) (dtoa_prf)
/usr/lib/gcc/avr/4.7.2/../../../avr/lib/avr6/libc.a(ftoa_engine.o)
                              /usr/lib/gcc/avr/4.7.2/../../../avr/lib/avr6/libc.a(dtoa_prf.o) (__ftoa_engine)
/usr/lib/gcc/avr/4.7.2/../../../avr/lib/avr6/libc.a(strnlen_P.o)
                              /usr/lib/gcc/avr/4.7.2/../../../avr/lib/avr6/libc.a(vfprintf_std.o) (strnlen_P)
/usr/lib/gcc/avr/4.7.2/../../../avr/lib/avr6/libc.a(strnlen.o)
                              /usr/lib/gcc/avr/4.7.2/../../../avr/lib/avr6/libc.a(vfprintf_std.o) (strnlen)
/usr/lib/gcc/avr/4.7.2/../../../avr/lib/avr6/libc.a(fputc.o)
                              /usr/lib/gcc/avr/4.7.2/../../../avr/lib/avr6/libc.a(vfprintf_std.o) (fputc)
/usr/lib/gcc/avr/4.7.2/../../../avr/lib/avr6/libc.a(ultoa_invert.o)
                              /usr/lib/gcc/avr/4.7.2/../../../avr/lib/avr6/libc.a(vfprintf_std.o) (__ultoa_invert)

Allocating common symbols
Common symbol       size              file

counter_value       0x1               ./main.o
counter_dir         0x1               ./main.o
counter_trigger     0x1               ./main.o

Memory Configuration

Name             Origin             Length             Attributes
text             0x0000000000000000 0x0000000000100000 xr
data             0x0000000000800200 0x000000000000fe00 rw !x
eeprom           0x0000000000810000 0x0000000000010000 rw !x
fuse             0x0000000000820000 0x0000000000000400 rw !x
lock             0x0000000000830000 0x0000000000000400 rw !x
signature        0x0000000000840000 0x0000000000000400 rw !x
*default*        0x0000000000000000 0xffffffffffffffff

Linker script and memory map

Address of section .data set to 0x800200
LOAD /usr/lib/gcc/avr/4.7.2/../../../avr/lib/avr6/crtm2560.o
LOAD ./counter_func.o
LOAD ./main.o
LOAD /usr/lib/gcc/avr/4.7.2/avr6/libgcc.a
LOAD /usr/lib/gcc/avr/4.7.2/../../../avr/lib/avr6/libc.a
LOAD /usr/lib/gcc/avr/4.7.2/avr6/libgcc.a

.hash
 *(.hash)

.dynsym
 *(.dynsym)

.dynstr
 *(.dynstr)

.gnu.version
 *(.gnu.version)

.gnu.version_d
 *(.gnu.version_d)

.gnu.version_r
 *(.gnu.version_r)

.rel.init
 *(.rel.init)

.rela.init
 *(.rela.init)

.rel.text
 *(.rel.text)
 *(.rel.text.*)
 *(.rel.gnu.linkonce.t*)

.rela.text
 *(.rela.text)
 *(.rela.text.*)
 *(.rela.gnu.linkonce.t*)

.rel.fini
 *(.rel.fini)

.rela.fini
 *(.rela.fini)

.rel.rodata
 *(.rel.rodata)
 *(.rel.rodata.*)
 *(.rel.gnu.linkonce.r*)

.rela.rodata
 *(.rela.rodata)
 *(.rela.rodata.*)
 *(.rela.gnu.linkonce.r*)

.rel.data
 *(.rel.data)
 *(.rel.data.*)
 *(.rel.gnu.linkonce.d*)

.rela.data
 *(.rela.data)
 *(.rela.data.*)
 *(.rela.gnu.linkonce.d*)

.rel.ctors
 *(.rel.ctors)

.rela.ctors
 *(.rela.ctors)

.rel.dtors
 *(.rel.dtors)

.rela.dtors
 *(.rela.dtors)

.rel.got
 *(.rel.got)

.rela.got
 *(.rela.got)

.rel.bss
 *(.rel.bss)

.rela.bss
 *(.rela.bss)

.rel.plt
 *(.rel.plt)

.rela.plt
 *(.rela.plt)

.text           0x0000000000000000     0x1150
 *(.vectors)
 .vectors       0x0000000000000000       0xe4 /usr/lib/gcc/avr/4.7.2/../../../avr/lib/avr6/crtm2560.o
                0x0000000000000000                __vectors
                0x0000000000000000                __vector_default
 *(.vectors)
 *(.progmem.gcc*)
 *(.progmem*)
 .progmem.data  0x00000000000000e4       0xfa /usr/lib/gcc/avr/4.7.2/../../../avr/lib/avr6/libc.a(ftoa_engine.o)
                0x00000000000001de                . = ALIGN (0x2)
                0x00000000000001de                __trampolines_start = .
 *(.trampolines)
 .trampolines   0x00000000000001de        0x0 linker stubs
 *(.trampolines*)
                0x00000000000001de                __trampolines_end = .
 *(.jumptables)
 *(.jumptables*)
 *(.lowtext)
 *(.lowtext*)
                0x00000000000001de                __ctors_start = .
 *(.ctors)
                0x00000000000001de                __ctors_end = .
                0x00000000000001de                __dtors_start = .
 *(.dtors)
                0x00000000000001de                __dtors_end = .
 SORT(*)(.ctors)
 SORT(*)(.dtors)
 *(.init0)
 .init0         0x00000000000001de        0x0 /usr/lib/gcc/avr/4.7.2/../../../avr/lib/avr6/crtm2560.o
                0x00000000000001de                __init
 *(.init0)
 *(.init1)
 *(.init1)
 *(.init2)
 .init2         0x00000000000001de       0x10 /usr/lib/gcc/avr/4.7.2/../../../avr/lib/avr6/crtm2560.o
 *(.init2)
 *(.init3)
 *(.init3)
 *(.init4)
 .init4         0x00000000000001ee       0x1a /usr/lib/gcc/avr/4.7.2/avr6/libgcc.a(_copy_data.o)
                0x00000000000001ee                __do_copy_data
 .init4         0x0000000000000208       0x10 /usr/lib/gcc/avr/4.7.2/avr6/libgcc.a(_clear_bss.o)
                0x0000000000000208                __do_clear_bss
 *(.init4)
 *(.init5)
 *(.init5)
 *(.init6)
 *(.init6)
 *(.init7)
 *(.init7)
 *(.init8)
 *(.init8)
 *(.init9)
 .init9         0x0000000000000218        0x8 /usr/lib/gcc/avr/4.7.2/../../../avr/lib/avr6/crtm2560.o
 *(.init9)
 *(.text)
 .text          0x0000000000000220        0x4 /usr/lib/gcc/avr/4.7.2/../../../avr/lib/avr6/crtm2560.o
                0x0000000000000220                __vector_38
                0x0000000000000220                __vector_22
                0x0000000000000220                __vector_28
                0x0000000000000220                __vector_1
                0x0000000000000220                __vector_32
                0x0000000000000220                __vector_34
                0x0000000000000220                __vector_24
                0x0000000000000220                __vector_12
                0x0000000000000220                __vector_55
                0x0000000000000220                __vector_46
                0x0000000000000220                __bad_interrupt
                0x0000000000000220                __vector_6
                0x0000000000000220                __vector_31
                0x0000000000000220                __vector_35
                0x0000000000000220                __vector_39
                0x0000000000000220                __vector_3
                0x0000000000000220                __vector_23
                0x0000000000000220                __vector_30
                0x0000000000000220                __vector_45
                0x0000000000000220                __vector_25
                0x0000000000000220                __vector_11
                0x0000000000000220                __vector_54
                0x0000000000000220                __vector_13
                0x0000000000000220                __vector_17
                0x0000000000000220                __vector_19
                0x0000000000000220                __vector_56
                0x0000000000000220                __vector_7
                0x0000000000000220                __vector_49
                0x0000000000000220                __vector_41
                0x0000000000000220                __vector_43
                0x0000000000000220                __vector_27
                0x0000000000000220                __vector_5
                0x0000000000000220                __vector_33
                0x0000000000000220                __vector_47
                0x0000000000000220                __vector_52
                0x0000000000000220                __vector_37
                0x0000000000000220                __vector_4
                0x0000000000000220                __vector_44
                0x0000000000000220                __vector_51
                0x0000000000000220                __vector_9
                0x0000000000000220                __vector_2
                0x0000000000000220                __vector_21
                0x0000000000000220                __vector_15
                0x0000000000000220                __vector_36
                0x0000000000000220                __vector_29
                0x0000000000000220                __vector_40
                0x0000000000000220                __vector_8
                0x0000000000000220                __vector_26
                0x0000000000000220                __vector_48
                0x0000000000000220                __vector_14
                0x0000000000000220                __vector_53
                0x0000000000000220                __vector_10
                0x0000000000000220                __vector_50
                0x0000000000000220                __vector_16
                0x0000000000000220                __vector_18
                0x0000000000000220                __vector_20
                0x0000000000000220                __vector_42
 .text          0x0000000000000224       0x36 ./counter_func.o
                0x0000000000000224                counter_func
 .text          0x000000000000025a      0x180 ./main.o
                0x000000000000025a                init
                0x0000000000000296                writetoDisplay
                0x00000000000003b0                uart_putc
                0x00000000000003c2                uart_puts
 .text          0x00000000000003da        0x0 /usr/lib/gcc/avr/4.7.2/avr6/libgcc.a(_divmodqi4.o)
 .text          0x00000000000003da        0x0 /usr/lib/gcc/avr/4.7.2/avr6/libgcc.a(_exit.o)
 .text          0x00000000000003da        0x0 /usr/lib/gcc/avr/4.7.2/avr6/libgcc.a(_copy_data.o)
 .text          0x00000000000003da        0x0 /usr/lib/gcc/avr/4.7.2/avr6/libgcc.a(_clear_bss.o)
 .text          0x00000000000003da        0x0 /usr/lib/gcc/avr/4.7.2/avr6/libgcc.a(_udivmodqi4.o)
 .text          0x00000000000003da        0x0 /usr/lib/gcc/avr/4.7.2/../../../avr/lib/avr6/libc.a(dtostrf.o)
 .text          0x00000000000003da        0x0 /usr/lib/gcc/avr/4.7.2/../../../avr/lib/avr6/libc.a(sprintf.o)
 .text          0x00000000000003da        0x0 /usr/lib/gcc/avr/4.7.2/../../../avr/lib/avr6/libc.a(vfprintf_std.o)
 .text          0x00000000000003da        0x0 /usr/lib/gcc/avr/4.7.2/../../../avr/lib/avr6/libc.a(dtoa_prf.o)
 .text          0x00000000000003da        0x0 /usr/lib/gcc/avr/4.7.2/../../../avr/lib/avr6/libc.a(ftoa_engine.o)
 .text          0x00000000000003da        0x0 /usr/lib/gcc/avr/4.7.2/../../../avr/lib/avr6/libc.a(strnlen_P.o)
 .text          0x00000000000003da        0x0 /usr/lib/gcc/avr/4.7.2/../../../avr/lib/avr6/libc.a(strnlen.o)
 .text          0x00000000000003da        0x0 /usr/lib/gcc/avr/4.7.2/../../../avr/lib/avr6/libc.a(fputc.o)
 .text          0x00000000000003da        0x0 /usr/lib/gcc/avr/4.7.2/../../../avr/lib/avr6/libc.a(ultoa_invert.o)
                0x00000000000003da                . = ALIGN (0x2)
 *(.text.*)
 .text.startup  0x00000000000003da      0x2a8 ./main.o
                0x00000000000003da                main
 .text.libgcc.mul
                0x0000000000000682        0x0 /usr/lib/gcc/avr/4.7.2/avr6/libgcc.a(_divmodqi4.o)
 .text.libgcc.div
                0x0000000000000682       0x1c /usr/lib/gcc/avr/4.7.2/avr6/libgcc.a(_divmodqi4.o)
                0x0000000000000682                __divmodqi4
 .text.libgcc   0x000000000000069e        0x0 /usr/lib/gcc/avr/4.7.2/avr6/libgcc.a(_divmodqi4.o)
 .text.libgcc.prologue
                0x000000000000069e        0x0 /usr/lib/gcc/avr/4.7.2/avr6/libgcc.a(_divmodqi4.o)
 .text.libgcc.builtins
                0x000000000000069e        0x0 /usr/lib/gcc/avr/4.7.2/avr6/libgcc.a(_divmodqi4.o)
 .text.libgcc.fmul
                0x000000000000069e        0x0 /usr/lib/gcc/avr/4.7.2/avr6/libgcc.a(_divmodqi4.o)
 .text.libgcc.mul
                0x000000000000069e        0x0 /usr/lib/gcc/avr/4.7.2/avr6/libgcc.a(_exit.o)
 .text.libgcc.div
                0x000000000000069e        0x0 /usr/lib/gcc/avr/4.7.2/avr6/libgcc.a(_exit.o)
 .text.libgcc   0x000000000000069e        0x0 /usr/lib/gcc/avr/4.7.2/avr6/libgcc.a(_exit.o)
 .text.libgcc.prologue
                0x000000000000069e        0x0 /usr/lib/gcc/avr/4.7.2/avr6/libgcc.a(_exit.o)
 .text.libgcc.builtins
                0x000000000000069e        0x0 /usr/lib/gcc/avr/4.7.2/avr6/libgcc.a(_exit.o)
 .text.libgcc.fmul
                0x000000000000069e        0x0 /usr/lib/gcc/avr/4.7.2/avr6/libgcc.a(_exit.o)
 .text.libgcc.mul
                0x000000000000069e        0x0 /usr/lib/gcc/avr/4.7.2/avr6/libgcc.a(_copy_data.o)
 .text.libgcc.div
                0x000000000000069e        0x0 /usr/lib/gcc/avr/4.7.2/avr6/libgcc.a(_copy_data.o)
 .text.libgcc   0x000000000000069e        0x0 /usr/lib/gcc/avr/4.7.2/avr6/libgcc.a(_copy_data.o)
 .text.libgcc.prologue
                0x000000000000069e        0x0 /usr/lib/gcc/avr/4.7.2/avr6/libgcc.a(_copy_data.o)
 .text.libgcc.builtins
                0x000000000000069e        0x0 /usr/lib/gcc/avr/4.7.2/avr6/libgcc.a(_copy_data.o)
 .text.libgcc.fmul
                0x000000000000069e        0x0 /usr/lib/gcc/avr/4.7.2/avr6/libgcc.a(_copy_data.o)
 .text.libgcc.mul
                0x000000000000069e        0x0 /usr/lib/gcc/avr/4.7.2/avr6/libgcc.a(_clear_bss.o)
 .text.libgcc.div
                0x000000000000069e        0x0 /usr/lib/gcc/avr/4.7.2/avr6/libgcc.a(_clear_bss.o)
 .text.libgcc   0x000000000000069e        0x0 /usr/lib/gcc/avr/4.7.2/avr6/libgcc.a(_clear_bss.o)
 .text.libgcc.prologue
                0x000000000000069e        0x0 /usr/lib/gcc/avr/4.7.2/avr6/libgcc.a(_clear_bss.o)
 .text.libgcc.builtins
                0x000000000000069e        0x0 /usr/lib/gcc/avr/4.7.2/avr6/libgcc.a(_clear_bss.o)
 .text.libgcc.fmul
                0x000000000000069e        0x0 /usr/lib/gcc/avr/4.7.2/avr6/libgcc.a(_clear_bss.o)
 .text.libgcc.mul
                0x000000000000069e        0x0 /usr/lib/gcc/avr/4.7.2/avr6/libgcc.a(_udivmodqi4.o)
 .text.libgcc.div
                0x000000000000069e       0x18 /usr/lib/gcc/avr/4.7.2/avr6/libgcc.a(_udivmodqi4.o)
                0x000000000000069e                __udivmodqi4
 .text.libgcc   0x00000000000006b6        0x0 /usr/lib/gcc/avr/4.7.2/avr6/libgcc.a(_udivmodqi4.o)
 .text.libgcc.prologue
                0x00000000000006b6        0x0 /usr/lib/gcc/avr/4.7.2/avr6/libgcc.a(_udivmodqi4.o)
 .text.libgcc.builtins
                0x00000000000006b6        0x0 /usr/lib/gcc/avr/4.7.2/avr6/libgcc.a(_udivmodqi4.o)
 .text.libgcc.fmul
                0x00000000000006b6        0x0 /usr/lib/gcc/avr/4.7.2/avr6/libgcc.a(_udivmodqi4.o)
 .text.avr-libc
                0x00000000000006b6       0x42 /usr/lib/gcc/avr/4.7.2/../../../avr/lib/avr6/libc.a(dtostrf.o)
                0x00000000000006b6                dtostrf
 .text.avr-libc
                0x00000000000006f8       0x62 /usr/lib/gcc/avr/4.7.2/../../../avr/lib/avr6/libc.a(sprintf.o)
                0x00000000000006f8                sprintf
 .text.avr-libc
                0x000000000000075a      0x40c /usr/lib/gcc/avr/4.7.2/../../../avr/lib/avr6/libc.a(vfprintf_std.o)
                0x000000000000075a                vfprintf
 .text.avr-libc
                0x0000000000000b66      0x2f6 /usr/lib/gcc/avr/4.7.2/../../../avr/lib/avr6/libc.a(dtoa_prf.o)
                0x0000000000000b66                dtoa_prf
 .text.avr-libc
                0x0000000000000e5c      0x1b0 /usr/lib/gcc/avr/4.7.2/../../../avr/lib/avr6/libc.a(ftoa_engine.o)
                0x0000000000000e5c                __ftoa_engine
 .text.avr-libc
                0x000000000000100c       0x16 /usr/lib/gcc/avr/4.7.2/../../../avr/lib/avr6/libc.a(strnlen_P.o)
                0x000000000000100c                strnlen_P
 .text.avr-libc
                0x0000000000001022       0x16 /usr/lib/gcc/avr/4.7.2/../../../avr/lib/avr6/libc.a(strnlen.o)
                0x0000000000001022                strnlen
 .text.avr-libc
                0x0000000000001038       0x58 /usr/lib/gcc/avr/4.7.2/../../../avr/lib/avr6/libc.a(fputc.o)
                0x0000000000001038                fputc
 .text.avr-libc
                0x0000000000001090       0xbc /usr/lib/gcc/avr/4.7.2/../../../avr/lib/avr6/libc.a(ultoa_invert.o)
                0x0000000000001090                __ultoa_invert
                0x000000000000114c                . = ALIGN (0x2)
 *(.fini9)
 .fini9         0x000000000000114c        0x0 /usr/lib/gcc/avr/4.7.2/avr6/libgcc.a(_exit.o)
                0x000000000000114c                exit
                0x000000000000114c                _exit
 *(.fini9)
 *(.fini8)
 *(.fini8)
 *(.fini7)
 *(.fini7)
 *(.fini6)
 *(.fini6)
 *(.fini5)
 *(.fini5)
 *(.fini4)
 *(.fini4)
 *(.fini3)
 *(.fini3)
 *(.fini2)
 *(.fini2)
 *(.fini1)
 *(.fini1)
 *(.fini0)
 .fini0         0x000000000000114c        0x4 /usr/lib/gcc/avr/4.7.2/avr6/libgcc.a(_exit.o)
 *(.fini0)
                0x0000000000001150                _etext = .

.data           0x0000000000800200       0xa4 load address 0x0000000000001150
                0x0000000000800200                PROVIDE (__data_start, .)
 *(.data)
 .data          0x0000000000800200        0x0 /usr/lib/gcc/avr/4.7.2/../../../avr/lib/avr6/crtm2560.o
 .data          0x0000000000800200        0x0 ./counter_func.o
 .data          0x0000000000800200        0x0 ./main.o
 .data          0x0000000000800200        0x0 /usr/lib/gcc/avr/4.7.2/avr6/libgcc.a(_divmodqi4.o)
 .data          0x0000000000800200        0x0 /usr/lib/gcc/avr/4.7.2/avr6/libgcc.a(_exit.o)
 .data          0x0000000000800200        0x0 /usr/lib/gcc/avr/4.7.2/avr6/libgcc.a(_copy_data.o)
 .data          0x0000000000800200        0x0 /usr/lib/gcc/avr/4.7.2/avr6/libgcc.a(_clear_bss.o)
 .data          0x0000000000800200        0x0 /usr/lib/gcc/avr/4.7.2/avr6/libgcc.a(_udivmodqi4.o)
 .data          0x0000000000800200        0x0 /usr/lib/gcc/avr/4.7.2/../../../avr/lib/avr6/libc.a(dtostrf.o)
 .data          0x0000000000800200        0x0 /usr/lib/gcc/avr/4.7.2/../../../avr/lib/avr6/libc.a(sprintf.o)
 .data          0x0000000000800200        0x0 /usr/lib/gcc/avr/4.7.2/../../../avr/lib/avr6/libc.a(vfprintf_std.o)
 .data          0x0000000000800200        0x0 /usr/lib/gcc/avr/4.7.2/../../../avr/lib/avr6/libc.a(dtoa_prf.o)
 .data          0x0000000000800200        0x0 /usr/lib/gcc/avr/4.7.2/../../../avr/lib/avr6/libc.a(ftoa_engine.o)
 .data          0x0000000000800200        0x0 /usr/lib/gcc/avr/4.7.2/../../../avr/lib/avr6/libc.a(strnlen_P.o)
 .data          0x0000000000800200        0x0 /usr/lib/gcc/avr/4.7.2/../../../avr/lib/avr6/libc.a(strnlen.o)
 .data          0x0000000000800200        0x0 /usr/lib/gcc/avr/4.7.2/../../../avr/lib/avr6/libc.a(fputc.o)
 .data          0x0000000000800200        0x0 /usr/lib/gcc/avr/4.7.2/../../../avr/lib/avr6/libc.a(ultoa_invert.o)
 *(.data*)
 *(.rodata)
 *(.rodata*)
 .rodata.str1.1
                0x0000000000800200       0xa4 ./main.o
                                         0xcc (size before relaxing)
 *(.gnu.linkonce.d*)
                0x00000000008002a4                . = ALIGN (0x2)
                0x00000000008002a4                _edata = .
                0x00000000008002a4                PROVIDE (__data_end, .)

.bss            0x00000000008002a4        0x3
                0x00000000008002a4                PROVIDE (__bss_start, .)
 *(.bss)
 .bss           0x00000000008002a4        0x0 /usr/lib/gcc/avr/4.7.2/../../../avr/lib/avr6/crtm2560.o
 .bss           0x00000000008002a4        0x0 ./counter_func.o
 .bss           0x00000000008002a4        0x0 ./main.o
 .bss           0x00000000008002a4        0x0 /usr/lib/gcc/avr/4.7.2/avr6/libgcc.a(_divmodqi4.o)
 .bss           0x00000000008002a4        0x0 /usr/lib/gcc/avr/4.7.2/avr6/libgcc.a(_exit.o)
 .bss           0x00000000008002a4        0x0 /usr/lib/gcc/avr/4.7.2/avr6/libgcc.a(_copy_data.o)
 .bss           0x00000000008002a4        0x0 /usr/lib/gcc/avr/4.7.2/avr6/libgcc.a(_clear_bss.o)
 .bss           0x00000000008002a4        0x0 /usr/lib/gcc/avr/4.7.2/avr6/libgcc.a(_udivmodqi4.o)
 .bss           0x00000000008002a4        0x0 /usr/lib/gcc/avr/4.7.2/../../../avr/lib/avr6/libc.a(dtostrf.o)
 .bss           0x00000000008002a4        0x0 /usr/lib/gcc/avr/4.7.2/../../../avr/lib/avr6/libc.a(sprintf.o)
 .bss           0x00000000008002a4        0x0 /usr/lib/gcc/avr/4.7.2/../../../avr/lib/avr6/libc.a(vfprintf_std.o)
 .bss           0x00000000008002a4        0x0 /usr/lib/gcc/avr/4.7.2/../../../avr/lib/avr6/libc.a(dtoa_prf.o)
 .bss           0x00000000008002a4        0x0 /usr/lib/gcc/avr/4.7.2/../../../avr/lib/avr6/libc.a(ftoa_engine.o)
 .bss           0x00000000008002a4        0x0 /usr/lib/gcc/avr/4.7.2/../../../avr/lib/avr6/libc.a(strnlen_P.o)
 .bss           0x00000000008002a4        0x0 /usr/lib/gcc/avr/4.7.2/../../../avr/lib/avr6/libc.a(strnlen.o)
 .bss           0x00000000008002a4        0x0 /usr/lib/gcc/avr/4.7.2/../../../avr/lib/avr6/libc.a(fputc.o)
 .bss           0x00000000008002a4        0x0 /usr/lib/gcc/avr/4.7.2/../../../avr/lib/avr6/libc.a(ultoa_invert.o)
 *(.bss*)
 *(COMMON)
 COMMON         0x00000000008002a4        0x3 ./main.o
                0x00000000008002a4                counter_value
                0x00000000008002a5                counter_dir
                0x00000000008002a6                counter_trigger
                0x00000000008002a7                PROVIDE (__bss_end, .)
                0x0000000000001150                __data_load_start = LOADADDR (.data)
                0x00000000000011f4                __data_load_end = (__data_load_start + SIZEOF (.data))

.noinit         0x00000000008002a7        0x0
                0x00000000008002a7                PROVIDE (__noinit_start, .)
 *(.noinit*)
                0x00000000008002a7                PROVIDE (__noinit_end, .)
                0x00000000008002a7                _end = .
                0x00000000008002a7                PROVIDE (__heap_start, .)

.eeprom         0x0000000000810000        0x0
 *(.eeprom*)
                0x0000000000810000                __eeprom_end = .

.fuse
 *(.fuse)
 *(.lfuse)
 *(.hfuse)
 *(.efuse)

.lock
 *(.lock*)

.signature
 *(.signature*)

.stab           0x0000000000000000     0x3c84
 *(.stab)
 .stab          0x0000000000000000      0x6e4 /usr/lib/gcc/avr/4.7.2/../../../avr/lib/avr6/crtm2560.o
 .stab          0x00000000000006e4       0xfc ./counter_func.o
                                        0x108 (size before relaxing)
 .stab          0x00000000000007e0      0xb34 ./main.o
                                        0xb40 (size before relaxing)
 .stab          0x0000000000001314      0x3fc /usr/lib/gcc/avr/4.7.2/../../../avr/lib/avr6/libc.a(dtostrf.o)
                                        0x408 (size before relaxing)
 .stab          0x0000000000001710      0x21c /usr/lib/gcc/avr/4.7.2/../../../avr/lib/avr6/libc.a(sprintf.o)
                                        0x3e4 (size before relaxing)
 .stab          0x000000000000192c      0xa14 /usr/lib/gcc/avr/4.7.2/../../../avr/lib/avr6/libc.a(vfprintf_std.o)
                                        0xc24 (size before relaxing)
 .stab          0x0000000000002340      0x780 /usr/lib/gcc/avr/4.7.2/../../../avr/lib/avr6/libc.a(dtoa_prf.o)
                                        0x96c (size before relaxing)
 .stab          0x0000000000002ac0      0xa38 /usr/lib/gcc/avr/4.7.2/../../../avr/lib/avr6/libc.a(ftoa_engine.o)
                                        0xa44 (size before relaxing)
 .stab          0x00000000000034f8       0x9c /usr/lib/gcc/avr/4.7.2/../../../avr/lib/avr6/libc.a(strnlen_P.o)
                                         0xa8 (size before relaxing)
 .stab          0x0000000000003594       0x9c /usr/lib/gcc/avr/4.7.2/../../../avr/lib/avr6/libc.a(strnlen.o)
                                         0xa8 (size before relaxing)
 .stab          0x0000000000003630      0x1d4 /usr/lib/gcc/avr/4.7.2/../../../avr/lib/avr6/libc.a(fputc.o)
                                        0x3b4 (size before relaxing)
 .stab          0x0000000000003804      0x480 /usr/lib/gcc/avr/4.7.2/../../../avr/lib/avr6/libc.a(ultoa_invert.o)
                                        0x48c (size before relaxing)

.stabstr        0x0000000000000000     0x16ec
 *(.stabstr)
 .stabstr       0x0000000000000000     0x16ec /usr/lib/gcc/avr/4.7.2/../../../avr/lib/avr6/crtm2560.o

.stab.excl
 *(.stab.excl)

.stab.exclstr
 *(.stab.exclstr)

.stab.index
 *(.stab.index)

.stab.indexstr
 *(.stab.indexstr)

.comment        0x0000000000000000       0x22
 *(.comment)
 .comment       0x0000000000000000       0x11 ./main.o
                                         0x12 (size before relaxing)
 .comment       0x0000000000000011       0x11 /usr/lib/gcc/avr/4.7.2/../../../avr/lib/avr6/libc.a(dtostrf.o)
                                         0x12 (size before relaxing)
 .comment       0x0000000000000000       0x12 /usr/lib/gcc/avr/4.7.2/../../../avr/lib/avr6/libc.a(sprintf.o)
 .comment       0x0000000000000000       0x12 /usr/lib/gcc/avr/4.7.2/../../../avr/lib/avr6/libc.a(vfprintf_std.o)
 .comment       0x0000000000000000       0x12 /usr/lib/gcc/avr/4.7.2/../../../avr/lib/avr6/libc.a(dtoa_prf.o)
 .comment       0x0000000000000000       0x12 /usr/lib/gcc/avr/4.7.2/../../../avr/lib/avr6/libc.a(fputc.o)

.debug
 *(.debug)

.line
 *(.line)

.debug_srcinfo
 *(.debug_srcinfo)

.debug_sfnames
 *(.debug_sfnames)

.debug_aranges
 *(.debug_aranges)

.debug_pubnames
 *(.debug_pubnames)

.debug_info
 *(.debug_info)
 *(.gnu.linkonce.wi.*)

.debug_abbrev
 *(.debug_abbrev)

.debug_line
 *(.debug_line)

.debug_frame
 *(.debug_frame)

.debug_str
 *(.debug_str)

.debug_loc
 *(.debug_loc)

.debug_macinfo
 *(.debug_macinfo)
OUTPUT(PKES1.elf elf32-avr)
LOAD linker stubs
